Godot Engine v4.6.2.stable.official.71f334935 - https://godotengine.org

Starting draft recommender tests...
========================
TEST CASE 1: baseline_no_context
========================
Draft recommendations (top 3 of 8)
1. colossus

base:
  raw=0.577801
  stat_samples=1883
  adjusted=0.573878

synergy:
  raw=0.500000
  relationships=0
  stat_samples=0
  adjusted=0.500000

counter:
  raw=0.500000
  relationships=0
  stat_samples=0
  adjusted=0.500000

final=0.636939
2. disarmer

base:
  raw=0.554486
  stat_samples=1973
  adjusted=0.551858

synergy:
  raw=0.500000
  relationships=0
  stat_samples=0
  adjusted=0.500000

counter:
  raw=0.500000
  relationships=0
  stat_samples=0
  adjusted=0.500000

final=0.625929
3. berserker

base:
  raw=0.546081
  stat_samples=1888
  adjusted=0.543763

synergy:
  raw=0.500000
  relationships=0
  stat_samples=0
  adjusted=0.500000

counter:
  raw=0.500000
  relationships=0
  stat_samples=0
  adjusted=0.500000

final=0.621882
Top 3 summary:
  colossus, disarmer, berserker
========================
TEST CASE 2: counter_context
========================
Draft recommendations (top 3 of 8)
1. berserker

base:
  raw=0.546081
  stat_samples=1888
  adjusted=0.543763

synergy:
  raw=0.621292
  relationships=2
  stat_samples=1174
  adjusted=0.603480

counter:
  raw=0.504689
  relationships=2
  stat_samples=1690
  adjusted=0.504196

final=0.654184
2. disarmer

base:
  raw=0.554486
  stat_samples=1973
  adjusted=0.551858

synergy:
  raw=0.578823
  relationships=2
  stat_samples=1233
  adjusted=0.567641

counter:
  raw=0.512312
  relationships=2
  stat_samples=1635
  adjusted=0.510992

final=0.649519
3. colossus

base:
  raw=0.577801
  stat_samples=1883
  adjusted=0.573878

synergy:
  raw=0.520701
  relationships=1
  stat_samples=628
  adjusted=0.517857

counter:
  raw=0.500137
  relationships=3
  stat_samples=2547
  adjusted=0.500163

final=0.642345
Top 3 summary:
  berserker, disarmer, colossus
========================
TEST CASE 3: synergy_context
========================
Draft recommendations (top 3 of 8)
1. colossus

base:
  raw=0.577801
  stat_samples=1883
  adjusted=0.573878

synergy:
  raw=0.535772
  relationships=3
  stat_samples=1857
  adjusted=0.530735

counter:
  raw=0.585421
  relationships=1
  stat_samples=878
  adjusted=0.576687

final=0.669165
2. berserker

base:
  raw=0.546081
  stat_samples=1888
  adjusted=0.543763

synergy:
  raw=0.581531
  relationships=3
  stat_samples=1795
  adjusted=0.569930

counter:
  raw=0.585506
  relationships=2
  stat_samples=1697
  adjusted=0.576513

final=0.665815
3. swordsman

base:
  raw=0.532609
  stat_samples=1932
  adjusted=0.531004

synergy:
  raw=0.558526
  relationships=3
  stat_samples=1809
  adjusted=0.550171

counter:
  raw=0.545548
  relationships=2
  stat_samples=1669
  adjusted=0.540812

final=0.642797
Top 3 summary:
  colossus, berserker, swordsman
========================
STABILITY CHECK: counter_context weight shift
========================
Original top 3
Draft recommendations (top 3 of 8)
1. berserker

base:
  raw=0.546081
  stat_samples=1888
  adjusted=0.543763

synergy:
  raw=0.621292
  relationships=2
  stat_samples=1174
  adjusted=0.603480

counter:
  raw=0.504689
  relationships=2
  stat_samples=1690
  adjusted=0.504196

final=0.654184
2. disarmer

base:
  raw=0.554486
  stat_samples=1973
  adjusted=0.551858

synergy:
  raw=0.578823
  relationships=2
  stat_samples=1233
  adjusted=0.567641

counter:
  raw=0.512312
  relationships=2
  stat_samples=1635
  adjusted=0.510992

final=0.649519
3. colossus

base:
  raw=0.577801
  stat_samples=1883
  adjusted=0.573878

synergy:
  raw=0.520701
  relationships=1
  stat_samples=628
  adjusted=0.517857

counter:
  raw=0.500137
  relationships=3
  stat_samples=2547
  adjusted=0.500163

final=0.642345
Shifted top 3
Draft recommendations (top 3 of 8)
1. berserker

base:
  raw=0.546081
  stat_samples=1888
  adjusted=0.543763

synergy:
  raw=0.621292
  relationships=2
  stat_samples=1174
  adjusted=0.603480

counter:
  raw=0.504689
  relationships=2
  stat_samples=1690
  adjusted=0.504196

final=0.657418
2. disarmer

base:
  raw=0.554486
  stat_samples=1973
  adjusted=0.551858

synergy:
  raw=0.578823
  relationships=2
  stat_samples=1233
  adjusted=0.567641

counter:
  raw=0.512312
  relationships=2
  stat_samples=1635
  adjusted=0.510992

final=0.655320
3. colossus

base:
  raw=0.577801
  stat_samples=1883
  adjusted=0.573878

synergy:
  raw=0.520701
  relationships=1
  stat_samples=628
  adjusted=0.517857

counter:
  raw=0.500137
  relationships=3
  stat_samples=2547
  adjusted=0.500163

final=0.645231
========================
SIGNAL INFLUENCE ANALYSIS
========================

Test case: baseline_no_context
  Candidate: archer
  Full score: 0.608809
  Base only score: 0.308809
  Synergy removed score: 0.458809
  Matchup removed score: 0.458809
  Base only delta: 0.300000
  Synergy removed delta: 0.150000
  Matchup removed delta: 0.150000

Test case: counter_context
  Candidate: archer
  Full score: 0.609969
  Base only score: 0.308809
  Synergy removed score: 0.448771
  Matchup removed score: 0.470007
  Base only delta: 0.301160
  Synergy removed delta: 0.161198
  Matchup removed delta: 0.139962

Test case: synergy_context
  Candidate: archer
  Full score: 0.622341
  Base only score: 0.308809
  Synergy removed score: 0.468714
  Matchup removed score: 0.462437
  Base only delta: 0.313532
  Synergy removed delta: 0.153628
  Matchup removed delta: 0.159905

========================
CONTROLLED EVALUATION
========================

CASE: baseline_no_context
Synergy impact avg: 0.150000
Matchup impact avg: 0.150000

Top3 stability:
- vs synergy removed: 3/3
- vs matchup removed: 3/3

CASE: counter_context
Synergy impact avg: 0.158313
Matchup impact avg: 0.136982

Top3 stability:
- vs synergy removed: 3/3
- vs matchup removed: 3/3

CASE: synergy_context
Synergy impact avg: 0.152806
Matchup impact avg: 0.153846

Top3 stability:
- vs synergy removed: 2/3
- vs matchup removed: 2/3

========================
AGGREGATED SUMMARY
========================
Mean synergy impact: 0.153706
Mean matchup impact: 0.146943
Mean top3 overlap vs synergy removed: 2.67/3
Mean top3 overlap vs matchup removed: 2.67/3

========================
STRESS TESTING
========================

========================
SCENARIO: baseline_no_context
========================


Baseline ranking:
  Top-1: colossus
  Top-3: colossus, disarmer, berserker

Scoring Mode Comparison:
  Mode          | Score Range | Mean Margin | Median Margin | Rank Vol | Top-3 Stab | Context Sens
  --------------|-------------|-------------|---------------|----------|------------|--------------
  ADDITIVE     | 0.128865 | 0.007845 | 0.004898 | 0.4535 | 70.00% | 0.007308
  MULTIPLICATIVE | 0.136791 | 0.005649 | 0.003527 | 0.5570 | 56.67% | 0.009113
  LOGIT        | 0.115585 | 0.007848 | 0.004885 | 0.4170 | 70.00% | 0.006137

Per-candidate statistics (ADDITIVE mode):
  archer:
    Mean score: 0.609694 (stddev: 0.012188)
    Mean rank: 4.34 (stddev: 0.543035)
    Max rank swing: 2
    Baseline: score=0.608809, rank=5
  artillery:
    Mean score: 0.575491 (stddev: 0.014378)
    Mean rank: 6.31 (stddev: 0.792353)
    Max rank swing: 2
    Baseline: score=0.582021, rank=7
  berserker:
    Mean score: 0.636963 (stddev: 0.018980)
    Mean rank: 1.19 (stddev: 0.877901)
    Max rank swing: 2
    Baseline: score=0.621882, rank=2
  cleric:
    Mean score: 0.607533 (stddev: 0.015640)
    Mean rank: 4.03 (stddev: 0.927836)
    Max rank swing: 3
    Baseline: score=0.613707, rank=4
  colossus:
    Mean score: 0.643345 (stddev: 0.012073)
    Mean rank: 0.27 (stddev: 0.442217)
    Max rank swing: 1
    Baseline: score=0.636939, rank=0
  disarmer:
    Mean score: 0.629025 (stddev: 0.007825)
    Mean rank: 1.71 (stddev: 1.030158)
    Max rank swing: 3
    Baseline: score=0.625929, rank=1
  earthbender:
    Mean score: 0.572513 (stddev: 0.014029)
    Mean rank: 6.12 (stddev: 0.800333)
    Max rank swing: 3
    Baseline: score=0.584129, rank=6
  swordsman:
    Mean score: 0.624179 (stddev: 0.011969)
    Mean rank: 2.66 (stddev: 0.543035)
    Max rank swing: 2
    Baseline: score=0.615502, rank=3

========================
SCENARIO: counter_context
========================


Baseline ranking:
  Top-1: berserker
  Top-3: berserker, disarmer, colossus

Scoring Mode Comparison:
  Mode          | Score Range | Mean Margin | Median Margin | Rank Vol | Top-3 Stab | Context Sens
  --------------|-------------|-------------|---------------|----------|------------|--------------
  ADDITIVE     | 0.136849 | 0.016830 | 0.012804 | 0.2533 | 76.92% | 0.001687
  MULTIPLICATIVE | 0.148737 | 0.017003 | 0.016459 | 0.3297 | 57.69% | 0.002275
  LOGIT        | 0.120345 | 0.015035 | 0.014230 | 0.2517 | 96.15% | 0.001406

Per-candidate statistics (ADDITIVE mode):
  archer:
    Mean score: 0.610257 (stddev: 0.004022)
    Mean rank: 3.79 (stddev: 0.482759)
    Max rank swing: 2
    Baseline: score=0.609969, rank=4
  artillery:
    Mean score: 0.540591 (stddev: 0.005085)
    Mean rank: 6.21 (stddev: 0.760186)
    Max rank swing: 2
    Baseline: score=0.536374, rank=7
  berserker:
    Mean score: 0.656957 (stddev: 0.008617)
    Mean rank: 0.00 (stddev: 0.000000)
    Max rank swing: 0
    Baseline: score=0.654184, rank=0
  cleric:
    Mean score: 0.587694 (stddev: 0.009355)
    Mean rank: 4.72 (stddev: 0.581114)
    Max rank swing: 2
    Baseline: score=0.587037, rank=5
  colossus:
    Mean score: 0.639083 (stddev: 0.010369)
    Mean rank: 1.97 (stddev: 0.657436)
    Max rank swing: 3
    Baseline: score=0.642345, rank=2
  disarmer:
    Mean score: 0.648287 (stddev: 0.008210)
    Mean rank: 0.89 (stddev: 0.309295)
    Max rank swing: 1
    Baseline: score=0.649519, rank=1
  earthbender:
    Mean score: 0.541487 (stddev: 0.005465)
    Mean rank: 6.23 (stddev: 0.846154)
    Max rank swing: 3
    Baseline: score=0.542310, rank=6
  swordsman:
    Mean score: 0.629785 (stddev: 0.006601)
    Mean rank: 2.62 (stddev: 0.551724)
    Max rank swing: 2
    Baseline: score=0.629541, rank=3

========================
SCENARIO: synergy_context
========================


Baseline ranking:
  Top-1: colossus
  Top-3: colossus, berserker, swordsman

Scoring Mode Comparison:
  Mode          | Score Range | Mean Margin | Median Margin | Rank Vol | Top-3 Stab | Context Sens
  --------------|-------------|-------------|---------------|----------|------------|--------------
  ADDITIVE     | 0.151326 | 0.016882 | 0.020128 | 0.3381 | 40.00% | 0.002981
  MULTIPLICATIVE | 0.166537 | 0.017743 | 0.017725 | 0.1960 | 80.77% | 0.003966
  LOGIT        | 0.134877 | 0.015289 | 0.018033 | 0.2173 | 73.33% | 0.002493

Per-candidate statistics (ADDITIVE mode):
  archer:
    Mean score: 0.623665 (stddev: 0.008539)
    Mean rank: 3.79 (stddev: 0.482759)
    Max rank swing: 2
    Baseline: score=0.622341, rank=4
  artillery:
    Mean score: 0.558349 (stddev: 0.009490)
    Mean rank: 5.79 (stddev: 0.663289)
    Max rank swing: 3
    Baseline: score=0.555635, rank=6
  berserker:
    Mean score: 0.671070 (stddev: 0.007570)
    Mean rank: 0.58 (stddev: 0.494047)
    Max rank swing: 1
    Baseline: score=0.665815, rank=1
  cleric:
    Mean score: 0.596951 (stddev: 0.010876)
    Mean rank: 4.72 (stddev: 0.581114)
    Max rank swing: 2
    Baseline: score=0.592923, rank=5
  colossus:
    Mean score: 0.669110 (stddev: 0.008990)
    Mean rank: 0.37 (stddev: 0.481894)
    Max rank swing: 1
    Baseline: score=0.669165, rank=0
  disarmer:
    Mean score: 0.648027 (stddev: 0.006449)
    Mean rank: 2.39 (stddev: 0.488386)
    Max rank swing: 1
    Baseline: score=0.642469, rank=3
  earthbender:
    Mean score: 0.549380 (stddev: 0.005685)
    Mean rank: 6.69 (stddev: 0.666173)
    Max rank swing: 2
    Baseline: score=0.550990, rank=7
  swordsman:
    Mean score: 0.646102 (stddev: 0.005379)
    Mean rank: 2.31 (stddev: 0.699924)
    Max rank swing: 2
    Baseline: score=0.642797, rank=2

========================
AGGREGATED STRESS SUMMARY
========================

Most stable scenario: counter_context
Most volatile scenario: synergy_context
Highest sensitivity scenario: baseline_no_context

Overall system stability score: 67.08
  (Higher = more stable, based on winner stability, rank volatility, and context sensitivity)

========================
LOGIT SHARPNESS PARAMETER SWEEP
========================

--- LOGIT SHARPNESS: 1.00 ---
  Score Range: 0.123602
  Mean Margin: 0.012724
  Median Margin: 0.012383
  Rank Volatility: 0.2953
  Top-3 Stability: 79.83%
  Context Sensitivity: 0.003345

--- LOGIT SHARPNESS: 1.15 ---
  Score Range: 0.141749
  Mean Margin: 0.014602
  Median Margin: 0.014190
  Rank Volatility: 0.2953
  Top-3 Stability: 79.83%
  Context Sensitivity: 0.003834

--- LOGIT SHARPNESS: 1.30 ---
  Score Range: 0.159736
  Mean Margin: 0.016469
  Median Margin: 0.015977
  Rank Volatility: 0.2953
  Top-3 Stability: 79.83%
  Context Sensitivity: 0.004317

--- LOGIT SHARPNESS: 1.50 ---
  Score Range: 0.183438
  Mean Margin: 0.018936
  Median Margin: 0.018323
  Rank Volatility: 0.2953
  Top-3 Stability: 79.83%
  Context Sensitivity: 0.004952

========================
LOGIT VS ADDITIVE COMPARISON
========================

ADDITIVE Baseline (aggregated across scenarios):
  Score Range: 0.139013
  Mean Margin: 0.013852
  Median Margin: 0.012610
  Rank Volatility: 0.3483
  Top-3 Stability: 62.31%
  Context Sensitivity: 0.003992

NOTE: Top-3 Stability is identical across all sharpness values (79.83%).
      Sharpness scales score magnitudes only -- it does not affect ranking order.
      Using sharpness=1.0 for the structural comparison below.

LOGIT sharpness=1.0 (structural comparison, scale-invariant):
  Score Range: 0.123602
  Mean Margin: 0.012724
  Median Margin: 0.012383
  Rank Volatility: 0.2953
  Top-3 Stability: 79.83%
  Context Sensitivity: 0.003345

Improvement Analysis:
  Score Range: -11.09%
  Mean Margin: -8.15%
  Median Margin: -1.80%
  Rank Volatility: -15.21%
  Top-3 Stability: +28.12%
  Context Sensitivity: -16.20%
  Relative Context Sensitivity (CS/Range): LOGIT=0.0271  ADDITIVE=0.0287

========================
ACCEPTANCE CRITERIA CHECK
========================

Met:

Failed:
  ✗ Score range improvement ≥15% (-11.09%)
  ✗ Mean margin improvement ≥10% (-8.15%)
  ✗ Top-3 stability degradation <10% (28.12%)

Notes:
  ! Relative CS (scale-normalized): LOGIT=0.0271  ADDITIVE=0.0287 -- absolute delta 0.000647 is a scale artifact

Recommendation:
  LOGIT fails core acceptance criteria.
  Recommend: Stop scorer experimentation and shift effort to improving underlying signals:
    - Synergy generation
    - Counter generation
    - Confidence weighting
    - Bayesian smoothing calibration

Scoring Mode Summary:
  - MULTIPLICATIVE: Reject (poor stability)
  - ADDITIVE: Baseline
  - LOGIT (sharpness-invariant): Strongest candidate tested so far (+3.33pp Top-3 stability)

========================
LOGIT + CONFIDENCE_WEIGHTED SMOOTHING EXPERIMENT
========================

LOGIT (sharpness=1.0) + CONFIDENCE_WEIGHTED (aggregated across 3 scenarios):
  Score Range: 0.123602
  Mean Margin: 0.012724
  Median Margin: 0.012383
  Rank Volatility: 0.2953
  Top-3 Stability: 79.83%
  Context Sensitivity: 0.003345

Comparison vs ADDITIVE+LEGACY baseline:
  Top-3 Stability:   +17.52 pp  (79.83% vs 62.31%)
  Mean Margin:       -8.15%
  Rank Volatility:   -0.0530
  Relative CS (CS/Range): LOGIT+CW=0.0271  ADDITIVE=0.0287
